Resolving dependencies...
Downloading packages...
  _flutterfire_internals 1.3.73 (1.3.75 available)
  archive 3.6.1 (4.0.9 available)
  dio 5.10.0 (5.11.0 available)
  dio_web_adapter 2.2.0 (2.2.1 available)
  file_saver 0.2.14 (0.4.0 available)
  file_selector_android 0.5.2+8 (0.5.2+9 available)
  firebase_core 4.11.0 (4.12.1 available)
  firebase_core_platform_interface 7.1.0 (8.0.0 available)
  firebase_core_web 3.9.0 (3.9.1 available)
  firebase_messaging 16.4.1 (16.4.3 available)
  firebase_messaging_platform_interface 4.9.0 (4.9.2 available)
  firebase_messaging_web 4.2.1 (4.2.3 available)
  google_fonts 8.1.0 (8.2.0 available)
  hooks 2.0.2 (2.1.0 available)
  image 4.3.0 (4.9.1 available)
  intl 0.19.0 (0.20.3 available)
  matcher 0.12.19 (0.12.20 available)
  meta 1.18.0 (1.19.0 available)
  package_config 2.2.0 (3.0.0 available)
  passkeys_platform_interface 2.8.0 (2.9.0 available)
  pdf 3.12.0 (3.13.0 available)
  qr 3.0.2 (4.0.0 available)
  record_use 0.6.0 (1.0.0 available)
  shared_preferences_android 2.4.26 (2.4.27 available)
  test_api 0.7.11 (0.7.13 available)
  vector_math 2.2.0 (2.4.1 available)
  xml 6.6.1 (7.0.1 available)
Got dependencies!
27 packages have newer versions incompatible with dependency constraints.
Try `flutter pub outdated` for more information.
Analyzing skbs_app...                                           

warning • The declaration '_dateKey' isn't referenced. Try removing the declaration of '_dateKey' • lib/data/finance_summary_repository.dart:123:17 • unused_element
   info • Don't use 'BuildContext's across async gaps. Try rewriting the code to not use the 'BuildContext', or guard the use with a 'mounted' check • lib/features/ai/actions/ai_action_execution_coordinator.dart:85:54 • use_build_context_synchronously
   info • Don't use 'BuildContext's across async gaps. Try rewriting the code to not use the 'BuildContext', or guard the use with a 'mounted' check • lib/features/ai/actions/ai_action_execution_coordinator.dart:88:40 • use_build_context_synchronously
   info • Don't use 'BuildContext's across async gaps. Try rewriting the code to not use the 'BuildContext', or guard the use with a 'mounted' check • lib/features/ai/actions/ai_action_execution_coordinator.dart:89:58 • use_build_context_synchronously
   info • Don't use 'BuildContext's across async gaps. Try rewriting the code to not use the 'BuildContext', or guard the use with a 'mounted' check • lib/features/ai/actions/ai_action_execution_coordinator.dart:90:52 • use_build_context_synchronously
   info • Don't use 'BuildContext's across async gaps. Try rewriting the code to not use the 'BuildContext', or guard the use with a 'mounted' check • lib/features/ai/actions/ai_action_execution_coordinator.dart:92:39 • use_build_context_synchronously
   info • Don't use 'BuildContext's across async gaps. Try rewriting the code to not use the 'BuildContext', or guard the use with a 'mounted' check • lib/features/ai/actions/ai_action_execution_coordinator.dart:94:40 • use_build_context_synchronously
   info • Don't use 'BuildContext's across async gaps. Try rewriting the code to not use the 'BuildContext', or guard the use with a 'mounted' check • lib/features/ai/actions/ai_action_execution_coordinator.dart:95:63 • use_build_context_synchronously
   info • Don't use 'BuildContext's across async gaps. Try rewriting the code to not use the 'BuildContext', or guard the use with a 'mounted' check • lib/features/ai/actions/ai_action_execution_coordinator.dart:96:53 • use_build_context_synchronously
   info • Don't use 'BuildContext's across async gaps. Try rewriting the code to not use the 'BuildContext', or guard the use with a 'mounted' check • lib/features/ai/actions/ai_action_execution_coordinator.dart:97:52 • use_build_context_synchronously
   info • Don't use 'BuildContext's across async gaps. Try rewriting the code to not use the 'BuildContext', or guard the use with a 'mounted' check • lib/features/ai/presentation/ai_assistant_action_screen.dart:188:40 • use_build_context_synchronously
   info • 'cacheExtent' is deprecated and shouldn't be used. Use scrollCacheExtent instead. This feature was deprecated after v3.41.0-0.0.pre. Try replacing the use of the deprecated member with the replacement • lib/features/payments/presentation/screens/payments_screen.dart:644:17 • deprecated_member_use
   info • 'onReorder' is deprecated and shouldn't be used. Use the onReorderItem callback instead. The onReorderItem callback adjusts the newIndex parameter for a removed item at the oldIndex. This feature was deprecated after v3.41.0-0.0.pre. Try replacing the use of the deprecated member with the replacement • lib/features/recruitment/presentation/recruitment_applications_screen.dart:882:15 • deprecated_member_use
warning • Dead code. Try removing the code, or fixing the code before it so that it can be reached • lib/features/recruitment/presentation/recruitment_applications_screen.dart:1766:37 • dead_code
warning • Dead code. Try removing the code, or fixing the code before it so that it can be reached • lib/features/recruitment/presentation/recruitment_applications_screen.dart:1771:19 • dead_code
warning • Dead code. Try removing the code, or fixing the code before it so that it can be reached • lib/features/recruitment/presentation/recruitment_applications_screen.dart:1804:29 • dead_code
warning • Dead code. Try removing the code, or fixing the code before it so that it can be reached • lib/features/recruitment/presentation/recruitment_applications_screen.dart:1813:31 • dead_code
warning • Dead code. Try removing the code, or fixing the code before it so that it can be reached • lib/features/recruitment/presentation/recruitment_applications_screen.dart:1945:39 • dead_code
warning • Dead code. Try removing the code, or fixing the code before it so that it can be reached • lib/features/recruitment/presentation/recruitment_applications_screen.dart:1952:41 • dead_code
   info • 'onReorder' is deprecated and shouldn't be used. Use the onReorderItem callback instead. The onReorderItem callback adjusts the newIndex parameter for a removed item at the oldIndex. This feature was deprecated after v3.41.0-0.0.pre. Try replacing the use of the deprecated member with the replacement • lib/features/recruitment/presentation/recruitment_crm_settings_screen.dart:473:13 • deprecated_member_use
warning • The declaration '_success' isn't referenced. Try removing the declaration of '_success' • lib/features/recruitment/presentation/recruitment_dashboard_screen.dart:16:11 • unused_element
warning • The declaration '_warning' isn't referenced. Try removing the declaration of '_warning' • lib/features/recruitment/presentation/recruitment_dashboard_screen.dart:17:11 • unused_element
warning • The declaration '_danger' isn't referenced. Try removing the declaration of '_danger' • lib/features/recruitment/presentation/recruitment_dashboard_screen.dart:18:11 • unused_element
   info • 'WillPopScope' is deprecated and shouldn't be used. Use PopScope instead. The Android predictive back feature will not work with WillPopScope. This feature was deprecated after v3.12.0-1.0.pre. Try replacing the use of the deprecated member with the replacement • lib/features/shell/presentation/persistent_tab_shell.dart:148:12 • deprecated_member_use
   info • 'WillPopScope' is deprecated and shouldn't be used. Use PopScope instead. The Android predictive back feature will not work with WillPopScope. This feature was deprecated after v3.12.0-1.0.pre. Try replacing the use of the deprecated member with the replacement • lib/features/shell/presentation/premium_main_screen.dart:500:12 • deprecated_member_use
   info • 'dart:html' is deprecated and shouldn't be used. Use package:web and dart:js_interop instead. Try replacing the use of the deprecated member with the replacement • lib/navigation/web_edge_swipe_platform_web.dart:2:1 • deprecated_member_use
   info • Don't use web-only libraries outside Flutter web plugins. Try finding a different library for your needs • lib/navigation/web_edge_swipe_platform_web.dart:2:1 • avoid_web_libraries_in_flutter
warning • The member 'setState' can only be used within instance members of subclasses of 'State' • lib/screens/employee_details/employee_details_copy.dart:153:7 • invalid_use_of_protected_member
warning • The member 'setState' can only be used within instance members of subclasses of 'State' • lib/screens/employee_details/employee_details_copy.dart:173:20 • invalid_use_of_protected_member
warning • The member 'setState' can only be used within instance members of subclasses of 'State' • lib/screens/employee_details/employee_details_navigation.dart:13:5 • invalid_use_of_protected_member
warning • The declaration 'buildInfoTile' isn't referenced. Try removing the declaration of 'buildInfoTile' • lib/screens/employee_details/employee_details_sections.dart:32:10 • unused_element
warning • The member 'setState' can only be used within instance members of subclasses of 'State' • lib/screens/employee_details/employee_details_status.dart:30:5 • invalid_use_of_protected_member
warning • The member 'setState' can only be used within instance members of subclasses of 'State' • lib/screens/employee_details/employee_details_status.dart:41:20 • invalid_use_of_protected_member
warning • The member 'setState' can only be used within instance members of subclasses of 'State' • lib/screens/employee_details/employee_details_status.dart:86:7 • invalid_use_of_protected_member
warning • The member 'setState' can only be used within instance members of subclasses of 'State' • lib/screens/employee_details/employee_details_status.dart:97:22 • invalid_use_of_protected_member
warning • The member 'setState' can only be used within instance members of subclasses of 'State' • lib/screens/employee_details/employee_details_status.dart:102:5 • invalid_use_of_protected_member
warning • The member 'setState' can only be used within instance members of subclasses of 'State' • lib/screens/employee_details/employee_details_status.dart:111:7 • invalid_use_of_protected_member
warning • The member 'setState' can only be used within instance members of subclasses of 'State' • lib/screens/employee_details/employee_details_status.dart:140:20 • invalid_use_of_protected_member
warning • The declaration 'duplicateKey' isn't referenced. Try removing the declaration of 'duplicateKey' • lib/screens/employees/employees_filtering.dart:4:10 • unused_element
warning • The member 'setState' can only be used within instance members of subclasses of 'State' • lib/screens/employees/employees_sections.dart:83:25 • invalid_use_of_protected_member
warning • The member 'setState' can only be used within instance members of subclasses of 'State' • lib/screens/employees/employees_sections.dart:92:19 • invalid_use_of_protected_member
   info • 'cacheExtent' is deprecated and shouldn't be used. Use scrollCacheExtent instead. This feature was deprecated after v3.41.0-0.0.pre. Try replacing the use of the deprecated member with the replacement • lib/screens/employees/employees_view.dart:43:17 • deprecated_member_use
warning • The member 'setState' can only be used within instance members of subclasses of 'State' • lib/screens/home/home_actions.dart:114:5 • invalid_use_of_protected_member
warning • The member 'setState' can only be used within instance members of subclasses of 'State' • lib/screens/home/home_loading.dart:16:5 • invalid_use_of_protected_member
warning • The member 'setState' can only be used within instance members of subclasses of 'State' • lib/screens/home/home_loading.dart:121:5 • invalid_use_of_protected_member
warning • The member 'setState' can only be used within instance members of subclasses of 'State' • lib/screens/period_timesheet/period_timesheet_export.dart:11:5 • invalid_use_of_protected_member
warning • The member 'setState' can only be used within instance members of subclasses of 'State' • lib/screens/period_timesheet/period_timesheet_export.dart:45:20 • invalid_use_of_protected_member
warning • The member 'setState' can only be used within instance members of subclasses of 'State' • lib/screens/period_timesheet/period_timesheet_export.dart:98:5 • invalid_use_of_protected_member
warning • The member 'setState' can only be used within instance members of subclasses of 'State' • lib/screens/period_timesheet/period_timesheet_loading.dart:25:5 • invalid_use_of_protected_member
warning • The member 'setState' can only be used within instance members of subclasses of 'State' • lib/screens/period_timesheet/period_timesheet_loading.dart:39:7 • invalid_use_of_protected_member
warning • The member 'setState' can only be used within instance members of subclasses of 'State' • lib/screens/period_timesheet/period_timesheet_loading.dart:45:7 • invalid_use_of_protected_member
warning • The member 'setState' can only be used within instance members of subclasses of 'State' • lib/screens/period_timesheet/period_timesheet_period_picker.dart:108:5 • invalid_use_of_protected_member
warning • The member 'setState' can only be used within instance members of subclasses of 'State' • lib/screens/period_timesheet/period_timesheet_view.dart:72:31 • invalid_use_of_protected_member
warning • The member 'setState' can only be used within instance members of subclasses of 'State' • lib/screens/period_timesheet/period_timesheet_view.dart:82:25 • invalid_use_of_protected_member
warning • The member 'setState' can only be used within instance members of subclasses of 'State' • lib/screens/task_create/task_create_actions.dart:17:5 • invalid_use_of_protected_member
warning • The member 'setState' can only be used within instance members of subclasses of 'State' • lib/screens/task_create/task_create_actions.dart:30:5 • invalid_use_of_protected_member
warning • The member 'setState' can only be used within instance members of subclasses of 'State' • lib/screens/task_create/task_create_actions.dart:38:5 • invalid_use_of_protected_member
warning • The member 'setState' can only be used within instance members of subclasses of 'State' • lib/screens/task_create/task_create_actions.dart:46:7 • invalid_use_of_protected_member
warning • The member 'setState' can only be used within instance members of subclasses of 'State' • lib/screens/task_create/task_create_actions.dart:51:7 • invalid_use_of_protected_member
warning • The member 'setState' can only be used within instance members of subclasses of 'State' • lib/screens/task_create/task_create_actions.dart:56:9 • invalid_use_of_protected_member
warning • The member 'setState' can only be used within instance members of subclasses of 'State' • lib/screens/task_create/task_create_actions.dart:64:5 • invalid_use_of_protected_member
warning • The member 'setState' can only be used within instance members of subclasses of 'State' • lib/screens/task_create/task_create_actions.dart:76:5 • invalid_use_of_protected_member
warning • The member 'setState' can only be used within instance members of subclasses of 'State' • lib/screens/task_create/task_create_loading.dart:32:7 • invalid_use_of_protected_member
warning • The member 'setState' can only be used within instance members of subclasses of 'State' • lib/screens/task_create/task_create_loading.dart:38:7 • invalid_use_of_protected_member
warning • The member 'setState' can only be used within instance members of subclasses of 'State' • lib/screens/task_create/task_create_loading.dart:46:5 • invalid_use_of_protected_member
warning • The member 'setState' can only be used within instance members of subclasses of 'State' • lib/screens/task_create/task_create_loading.dart:57:7 • invalid_use_of_protected_member
warning • The member 'setState' can only be used within instance members of subclasses of 'State' • lib/screens/task_create/task_create_loading.dart:64:7 • invalid_use_of_protected_member
warning • The member 'setState' can only be used within instance members of subclasses of 'State' • lib/screens/task_create/task_create_loading.dart:69:9 • invalid_use_of_protected_member
warning • The member 'setState' can only be used within instance members of subclasses of 'State' • lib/screens/task_details/task_details_actions.dart:16:5 • invalid_use_of_protected_member
warning • The member 'setState' can only be used within instance members of subclasses of 'State' • lib/screens/task_details/task_details_actions.dart:29:5 • invalid_use_of_protected_member
warning • The member 'setState' can only be used within instance members of subclasses of 'State' • lib/screens/task_details/task_details_actions.dart:47:5 • invalid_use_of_protected_member
warning • The member 'setState' can only be used within instance members of subclasses of 'State' • lib/screens/task_details/task_details_actions.dart:63:7 • invalid_use_of_protected_member
warning • The member 'setState' can only be used within instance members of subclasses of 'State' • lib/screens/task_details/task_details_actions.dart:75:7 • invalid_use_of_protected_member
warning • The member 'setState' can only be used within instance members of subclasses of 'State' • lib/screens/task_details/task_details_actions.dart:77:20 • invalid_use_of_protected_member
warning • The member 'setState' can only be used within instance members of subclasses of 'State' • lib/screens/task_details/task_details_actions.dart:121:5 • invalid_use_of_protected_member
warning • The member 'setState' can only be used within instance members of subclasses of 'State' • lib/screens/task_details/task_details_actions.dart:129:7 • invalid_use_of_protected_member
warning • The member 'setState' can only be used within instance members of subclasses of 'State' • lib/screens/task_details/task_details_actions.dart:138:7 • invalid_use_of_protected_member
warning • The member 'setState' can only be used within instance members of subclasses of 'State' • lib/screens/task_details/task_details_actions.dart:140:20 • invalid_use_of_protected_member
warning • The member 'setState' can only be used within instance members of subclasses of 'State' • lib/screens/task_details/task_details_actions.dart:160:5 • invalid_use_of_protected_member
warning • The member 'setState' can only be used within instance members of subclasses of 'State' • lib/screens/task_details/task_details_actions.dart:173:5 • invalid_use_of_protected_member
warning • The member 'setState' can only be used within instance members of subclasses of 'State' • lib/screens/task_details/task_details_actions.dart:254:5 • invalid_use_of_protected_member
warning • The member 'setState' can only be used within instance members of subclasses of 'State' • lib/screens/task_details/task_details_actions.dart:283:7 • invalid_use_of_protected_member
warning • The member 'setState' can only be used within instance members of subclasses of 'State' • lib/screens/task_details/task_details_actions.dart:285:20 • invalid_use_of_protected_member
warning • The member 'setState' can only be used within instance members of subclasses of 'State' • lib/screens/task_details/task_details_loading.dart:38:5 • invalid_use_of_protected_member
warning • The member 'setState' can only be used within instance members of subclasses of 'State' • lib/screens/task_details/task_details_loading.dart:62:7 • invalid_use_of_protected_member
warning • The member 'setState' can only be used within instance members of subclasses of 'State' • lib/screens/task_details/task_details_loading.dart:83:7 • invalid_use_of_protected_member
   info • Don't use 'BuildContext's across async gaps, guarded by an unrelated 'mounted' check. Guard a 'State.context' use with a 'mounted' check on the State, and other BuildContext use with a 'mounted' check on the BuildContext • lib/screens/template_documents_screen.dart:298:49 • use_build_context_synchronously
   info • Don't use 'BuildContext's across async gaps, guarded by an unrelated 'mounted' check. Guard a 'State.context' use with a 'mounted' check on the State, and other BuildContext use with a 'mounted' check on the BuildContext • lib/screens/template_documents_screen.dart:302:56 • use_build_context_synchronously
warning • The member 'setState' can only be used within instance members of subclasses of 'State' • lib/screens/timesheet/timesheet_actions.dart:33:5 • invalid_use_of_protected_member
warning • The member 'setState' can only be used within instance members of subclasses of 'State' • lib/screens/timesheet/timesheet_actions.dart:56:5 • invalid_use_of_protected_member
warning • The member 'setState' can only be used within instance members of subclasses of 'State' • lib/screens/timesheet/timesheet_actions.dart:87:5 • invalid_use_of_protected_member
warning • The member 'setState' can only be used within instance members of subclasses of 'State' • lib/screens/timesheet/timesheet_actions.dart:183:5 • invalid_use_of_protected_member
warning • The member 'setState' can only be used within instance members of subclasses of 'State' • lib/screens/timesheet/timesheet_actions.dart:197:7 • invalid_use_of_protected_member
warning • The member 'setState' can only be used within instance members of subclasses of 'State' • lib/screens/timesheet/timesheet_actions.dart:210:7 • invalid_use_of_protected_member
warning • The member 'setState' can only be used within instance members of subclasses of 'State' • lib/screens/timesheet/timesheet_actions.dart:213:9 • invalid_use_of_protected_member
warning • The member 'setState' can only be used within instance members of subclasses of 'State' • lib/screens/timesheet/timesheet_loading.dart:25:5 • invalid_use_of_protected_member
warning • The member 'setState' can only be used within instance members of subclasses of 'State' • lib/screens/timesheet/timesheet_loading.dart:38:7 • invalid_use_of_protected_member
warning • The member 'setState' can only be used within instance members of subclasses of 'State' • lib/screens/timesheet/timesheet_loading.dart:43:7 • invalid_use_of_protected_member
warning • The member 'setState' can only be used within instance members of subclasses of 'State' • lib/screens/timesheet/timesheet_loading.dart:46:9 • invalid_use_of_protected_member
warning • The member 'setState' can only be used within instance members of subclasses of 'State' • lib/screens/timesheet/timesheet_sections.dart:183:19 • invalid_use_of_protected_member
warning • The member 'setState' can only be used within instance members of subclasses of 'State' • lib/screens/timesheet/timesheet_sections.dart:205:25 • invalid_use_of_protected_member
warning • The member 'setState' can only be used within instance members of subclasses of 'State' • lib/screens/timesheet/timesheet_sync.dart:26:7 • invalid_use_of_protected_member
   info • 'cacheExtent' is deprecated and shouldn't be used. Use scrollCacheExtent instead. This feature was deprecated after v3.41.0-0.0.pre. Try replacing the use of the deprecated member with the replacement • lib/screens/timesheet/timesheet_view.dart:81:29 • deprecated_member_use
   info • 'cacheExtent' is deprecated and shouldn't be used. Use scrollCacheExtent instead. This feature was deprecated after v3.41.0-0.0.pre. Try replacing the use of the deprecated member with the replacement • lib/widgets/app_page.dart:164:7 • deprecated_member_use

104 issues found. (ran in 7.2s)
